{
  "exclude": {
    "files": "^.secrets.baseline$",
    "lines": null
  },
  "generated_at": "2025-07-10T10:58:22Z",
  "plugins_used": [
    {
      "name": "AWSKeyDetector"
    },
    {
      "name": "ArtifactoryDetector"
    },
    {
      "name": "AzureStorageKeyDetector"
    },
    {
      "base64_limit": 4.5,
      "name": "Base64HighEntropyString"
    },
    {
      "name": "BasicAuthDetector"
    },
    {
      "name": "BoxDetector"
    },
    {
      "name": "CloudantDetector"
    },
    {
      "ghe_instance": "github.ibm.com",
      "name": "GheDetector"
    },
    {
      "name": "GitHubTokenDetector"
    },
    {
      "hex_limit": 3,
      "name": "HexHighEntropyString"
    },
    {
      "name": "IbmCloudIamDetector"
    },
    {
      "name": "IbmCosHmacDetector"
    },
    {
      "name": "JwtTokenDetector"
    },
    {
      "keyword_exclude": null,
      "name": "KeywordDetector"
    },
    {
      "name": "MailchimpDetector"
    },
    {
      "name": "NpmDetector"
    },
    {
      "name": "PrivateKeyDetector"
    },
    {
      "name": "SlackDetector"
    },
    {
      "name": "SoftlayerDetector"
    },
    {
      "name": "SquareOAuthDetector"
    },
    {
      "name": "StripeDetector"
    },
    {
      "name": "TwilioKeyDetector"
    }
  ],
  "results": {
    "examples/notebooks/algorithms/pasta.ipynb": [
      {
        "hashed_secret": "eef1f5f654e8ac09eb36387986029cbfee33532c",
        "is_secret": false,
        "is_verified": false,
        "line_number": 642,
        "type": "Hex High Entropy String",
        "verified_result": null
      },
      {
        "hashed_secret": "6bbb0fc03d5680577bb0c091facf26435f821c85",
        "is_secret": false,
        "is_verified": false,
        "line_number": 658,
        "type": "Hex High Entropy String",
        "verified_result": null
      },
      {
        "hashed_secret": "a7ef5df66c65eb77bfb29104aa043e492797d504",
        "is_secret": false,
        "is_verified": false,
        "line_number": 674,
        "type": "Hex High Entropy String",
        "verified_result": null
      },
      {
        "hashed_secret": "64dba630b5661aa4231e648f1fff724c91a97cc5",
        "is_secret": false,
        "is_verified": false,
        "line_number": 692,
        "type": "Hex High Entropy String",
        "verified_result": null
      },
      {
        "hashed_secret": "f57cf4b35e61b2f9546416e1b5d00ac7198b42b4",
        "is_secret": false,
        "is_verified": false,
        "line_number": 718,
        "type": "Hex High Entropy String",
        "verified_result": null
      },
      {
        "hashed_secret": "b12d7ebf1530ba30b98931ed5aa5d7f593a96b8c",
        "is_secret": false,
        "is_verified": false,
        "line_number": 736,
        "type": "Hex High Entropy String",
        "verified_result": null
      },
      {
        "hashed_secret": "6fc89df8a1b1cae79eedd4780023557118cc3c02",
        "is_secret": false,
        "is_verified": false,
        "line_number": 789,
        "type": "Hex High Entropy String",
        "verified_result": null
      },
      {
        "hashed_secret": "dd977b6471323ca7a4ed471dd362b44a0b7e1760",
        "is_secret": false,
        "is_verified": false,
        "line_number": 812,
        "type": "Hex High Entropy String",
        "verified_result": null
      },
      {
        "hashed_secret": "e5cbfd3a9613a8c2b208566599b212820a45e6be",
        "is_secret": false,
        "is_verified": false,
        "line_number": 865,
        "type": "Hex High Entropy String",
        "verified_result": null
      },
      {
        "hashed_secret": "f9be4da998cc6209f5e6cf92a52a337020895724",
        "is_secret": false,
        "is_verified": false,
        "line_number": 888,
        "type": "Hex High Entropy String",
        "verified_result": null
      },
      {
        "hashed_secret": "256e065c390ef08aad6d98dea389cf5c42f5a211",
        "is_secret": false,
        "is_verified": false,
        "line_number": 941,
        "type": "Hex High Entropy String",
        "verified_result": null
      },
      {
        "hashed_secret": "a4aad46fd5c8ba26a833ad97695a53698e7fd80b",
        "is_secret": false,
        "is_verified": false,
        "line_number": 965,
        "type": "Hex High Entropy String",
        "verified_result": null
      },
      {
        "hashed_secret": "77f79be7edd43f89a691c1464baa89e244719537",
        "is_secret": false,
        "is_verified": false,
        "line_number": 988,
        "type": "Hex High Entropy String",
        "verified_result": null
      },
      {
        "hashed_secret": "73de31f3344d004e204cb248793ded96cccbb5f2",
        "is_secret": false,
        "is_verified": false,
        "line_number": 1011,
        "type": "Hex High Entropy String",
        "verified_result": null
      },
      {
        "hashed_secret": "af247230a9f4bb091f920a9d52d2fe9c612a8a11",
        "is_secret": false,
        "is_verified": false,
        "line_number": 1029,
        "type": "Hex High Entropy String",
        "verified_result": null
      },
      {
        "hashed_secret": "1416b374a49e4e84f61b65d00af7c5aa83b8d981",
        "is_secret": false,
        "is_verified": false,
        "line_number": 1082,
        "type": "Hex High Entropy String",
        "verified_result": null
      },
      {
        "hashed_secret": "391903df4a52bf536404aa22f488da916df8d5b9",
        "is_secret": false,
        "is_verified": false,
        "line_number": 1135,
        "type": "Hex High Entropy String",
        "verified_result": null
      },
      {
        "hashed_secret": "ccd6c0bf6cc830ea9bae1228ced4ebed59531b47",
        "is_secret": false,
        "is_verified": false,
        "line_number": 1188,
        "type": "Hex High Entropy String",
        "verified_result": null
      },
      {
        "hashed_secret": "ef973c2cf65cc98799662850b4716b07772b161e",
        "is_secret": false,
        "is_verified": false,
        "line_number": 1214,
        "type": "Hex High Entropy String",
        "verified_result": null
      },
      {
        "hashed_secret": "8ec297f5a170042c377a15536d073c244decd198",
        "is_secret": false,
        "is_verified": false,
        "line_number": 1267,
        "type": "Hex High Entropy String",
        "verified_result": null
      },
      {
        "hashed_secret": "484da3d6c44f44c9933bf0dfd008adda759c236c",
        "is_secret": false,
        "is_verified": false,
        "line_number": 1285,
        "type": "Hex High Entropy String",
        "verified_result": null
      },
      {
        "hashed_secret": "af5fa708784dba5d6b02a4652da2bc8bdbd09f14",
        "is_secret": false,
        "is_verified": false,
        "line_number": 1300,
        "type": "Base64 High Entropy String",
        "verified_result": null
      },
      {
        "hashed_secret": "3be5016ec149a9d7f576fa61dc4bd72ece6f4d27",
        "is_secret": false,
        "is_verified": false,
        "line_number": 1309,
        "type": "Hex High Entropy String",
        "verified_result": null
      }
    ],
    "notebooks/algorithms/test_sasa/sasa.ipynb": [
      {
        "hashed_secret": "73bcacd9a192868bd6efc670ce0e9705bbd9bd3f",
        "is_secret": false,
        "is_verified": false,
        "line_number": 135,
        "type": "Hex High Entropy String",
        "verified_result": null
      },
      {
        "hashed_secret": "412220c61fdc64d041f5453c50abaf8f087e2e85",
        "is_secret": false,
        "is_verified": false,
        "line_number": 292,
        "type": "Hex High Entropy String",
        "verified_result": null
      }
    ],
    "poetry.lock": [
      {
        "hashed_secret": "fd69cd082e99e33590c5f1bdd9a7571fd6c5b2b3",
        "is_secret": false,
        "is_verified": false,
        "line_number": 277,
        "type": "Hex High Entropy String",
        "verified_result": null
      },
      {
        "hashed_secret": "308ecd4d8982383d9073fdb143bf013056d0ffb3",
        "is_secret": false,
        "is_verified": false,
        "line_number": 3821,
        "type": "Hex High Entropy String",
        "verified_result": null
      }
    ]
  },
  "version": "0.13.1+ibm.61.dss",
  "word_list": {
    "file": null,
    "hash": null
  }
}
